---
source: eksnode/src/commands/pull.rs
expression: imgs
---
[
    "151742754352.dkr.ecr-fips.us-gov-east-1.amazonaws.com/eks/pause:3.8",
    "151742754352.dkr.ecr-fips.us-gov-east-1.amazonaws.com/eks/kube-proxy:v1.27.6-eksbuild.2",
    "151742754352.dkr.ecr-fips.us-gov-east-1.amazonaws.com/eks/kube-proxy:v1.27.12-eksbuild.5",
    "151742754352.dkr.ecr-fips.us-gov-east-1.amazonaws.com/eks/kube-proxy:v1.27.6-minimal-eksbuild.2",
    "151742754352.dkr.ecr-fips.us-gov-east-1.amazonaws.com/eks/kube-proxy:v1.27.12-minimal-eksbuild.5",
    "151742754352.dkr.ecr-fips.us-gov-east-1.amazonaws.com/amazon-k8s-cni:v1.15.1-eksbuild.1",
    "151742754352.dkr.ecr-fips.us-gov-east-1.amazonaws.com/amazon-k8s-cni-init:v1.15.1-eksbuild.1",
    "151742754352.dkr.ecr-fips.us-gov-east-1.amazonaws.com/amazon-k8s-cni:v1.18.3-eksbuild.1",
    "151742754352.dkr.ecr-fips.us-gov-east-1.amazonaws.com/amazon-k8s-cni-init:v1.18.3-eksbuild.1",
]
