---
source: eksnode/src/commands/pull.rs
expression: imgs
---
[
    "800184023465.dkr.ecr.ap-east-1.amazonaws.com/eks/pause:3.9",
    "800184023465.dkr.ecr.ap-east-1.amazonaws.com/eks/kube-proxy:v1.24.7-eksbuild.2",
    "800184023465.dkr.ecr.ap-east-1.amazonaws.com/eks/kube-proxy:v1.24.15-eksbuild.2",
    "800184023465.dkr.ecr.ap-east-1.amazonaws.com/eks/kube-proxy:v1.24.7-minimal-eksbuild.2",
    "800184023465.dkr.ecr.ap-east-1.amazonaws.com/eks/kube-proxy:v1.24.15-minimal-eksbuild.2",
    "800184023465.dkr.ecr.ap-east-1.amazonaws.com/amazon-k8s-cni:v1.11.4-eksbuild.1",
    "800184023465.dkr.ecr.ap-east-1.amazonaws.com/amazon-k8s-cni-init:v1.11.4-eksbuild.1",
    "800184023465.dkr.ecr.ap-east-1.amazonaws.com/amazon-k8s-cni:v1.15.0-eksbuild.2",
    "800184023465.dkr.ecr.ap-east-1.amazonaws.com/amazon-k8s-cni-init:v1.15.0-eksbuild.2",
]
