---
source: eksnode/src/kubelet/kubeconfig.rs
expression: serialized
---
"kind: Config\napiVersion: v1\nclusters:\n- cluster:\n    server: MASTER_ENDPOINT\n  name: kubernetes\ncontexts:\n- name: kubelet\n  context:\n    cluster: kubernetes\n    user: kubelet\ncurrent-context: kubelet\nusers:\n- name: kubelet\n  user:\n    exec:\n      apiVersion: client.authentication.k8s.io/v1beta1\n      command: /usr/bin/aws-iam-authenticator\n      args:\n      - token\n      - -i\n      - CLUSTER_NAME\n      - --region\n      - AWS_REGION\n"
