---
source: eksnode/src/kubelet/config.rs
expression: deserialized
---
KubeletConfiguration {
    kind: "KubeletConfiguration",
    api_version: "kubelet.config.k8s.io/v1",
    enable_server: None,
    static_pod_path: None,
    sync_frequency: None,
    file_check_frequency: None,
    http_check_frequency: None,
    static_pod_url: None,
    static_pod_url_header: None,
    address: Some(
        "0.0.0.0",
    ),
    port: None,
    read_only_port: Some(
        0,
    ),
    tls_cert_file: None,
    tls_private_key_file: None,
    tls_cipher_suites: [
        "TLS_ECDHE_ECDSA_WITH_AES_128_GCM_SHA256",
        "TLS_ECDHE_RSA_WITH_AES_128_GCM_SHA256",
        "TLS_ECDHE_ECDSA_WITH_CHACHA20_POLY1305",
        "TLS_ECDHE_RSA_WITH_AES_256_GCM_SHA384",
        "TLS_ECDHE_RSA_WITH_CHACHA20_POLY1305",
        "TLS_ECDHE_ECDSA_WITH_AES_256_GCM_SHA384",
        "TLS_RSA_WITH_AES_256_GCM_SHA384",
        "TLS_RSA_WITH_AES_128_GCM_SHA256",
    ],
    tls_min_version: None,
    rotate_certificates: None,
    server_tls_bootstrap: Some(
        true,
    ),
    authentication: Authentication {
        anonymous: AuthnAnonymous {
            enabled: false,
        },
        webhook: AuthnWebhook {
            cache_ttl: "2m0s",
            enabled: true,
        },
        x509: AuthnX509 {
            client_ca_file: "/etc/kubernetes/pki/ca.crt",
        },
    },
    authorization: Authorization {
        mode: "Webhook",
        webhook: AuthzWebhook {
            cache_authorized_ttl: "5m0s",
            cache_unauthorized_ttl: "30s",
        },
    },
    registry_pull_qps: None,
    registry_burst: None,
    event_record_qps: None,
    event_burst: None,
    enable_debugging_handlers: None,
    enable_contention_profiling: None,
    healthz_port: None,
    healthz_bind_address: None,
    oom_score_adj: None,
    cluster_domain: Some(
        "cluster.local",
    ),
    cluster_dns: [],
    streaming_connection_idle_timeout: None,
    node_status_update_frequency: None,
    node_status_report_frequency: None,
    node_lease_duration_seconds: None,
    image_minimum_gc_age: None,
    image_gc_high_threshold_percent: None,
    image_gc_low_threshold_percent: None,
    volume_stats_agg_period: None,
    kubelet_cgroups: None,
    cystem_cgroups: None,
    cgroup_root: Some(
        "/",
    ),
    cgroups_per_qos: None,
    cgroup_driver: Some(
        "cgroupfs",
    ),
    cpu_manager_policy: None,
    cpu_manager_policy_options: None,
    cpu_manager_reconcile_period: None,
    memory_manager_policy: None,
    topology_manager_policy: None,
    topology_manager_scope: None,
    topology_manager_policy_options: None,
    qos_reserved: None,
    runtime_request_timeout: None,
    hairpin_mode: Some(
        HairpinVeth,
    ),
    max_pods: None,
    pod_cidr: None,
    pod_pids_limit: None,
    resolv_conf: None,
    run_once: None,
    cpu_cfs_quota: None,
    cpu_cfs_quota_period: None,
    node_status_max_images: None,
    max_open_files: None,
    content_type: None,
    kube_api_qps: None,
    kube_api_burst: None,
    serialize_image_pulls: Some(
        false,
    ),
    max_parallel_image_pulls: None,
    eviction_hard: None,
    eviction_soft: None,
    eviction_soft_grace_period: None,
    eviction_pressure_transition_period: None,
    eviction_max_pod_grace_period: None,
    eviction_minimum_reclaim: None,
    pods_per_core: None,
    enable_controller_attach_detach: None,
    protect_kernel_defaults: Some(
        true,
    ),
    make_iptables_util_chains: None,
    iptables_masquerade_bit: None,
    iptables_drop_bit: None,
    feature_gates: Some(
        {
            "KubeletCredentialProviders": true,
            "RotateKubeletServerCertificate": true,
        },
    ),
    fail_swap_on: None,
    memory_swap: None,
    container_log_max_size: None,
    container_log_max_files: None,
    config_map_and_secret_change_detection_strategy: None,
    system_reserved: None,
    kube_reserved: None,
    reserved_system_cpus: None,
    show_hidden_metrics_for_version: None,
    system_reserved_cgroup: None,
    kube_reserved_cgroup: None,
    enforce_node_allocatable: [],
    allowed_unsafe_sysctls: [],
    volume_plugin_dir: None,
    provider_id: None,
    kernel_memcg_notification: None,
    logging: None,
    enable_system_log_handler: None,
    enable_system_log_query: None,
    shutdown_grace_period: None,
    shutdown_grace_period_critical_pods: None,
    shutdown_grace_period_by_pod_priority: [],
    reserved_memory: [],
    enable_profiling_handler: None,
    enable_debug_flags_handler: None,
    seccomp_default: None,
    memory_throttling_factor: None,
    register_with_taints: [],
    register_node: None,
    tracing: None,
    local_storage_capacity_isolation: None,
    container_runtime_endpoint: None,
    image_service_endpoint: None,
}
